[backblue.gif]
[fade.gif]
[index.html]
[demo.awaikenthemes.com/html-preview/medipro/images/favicon.png]
[fonts.googleapis.com/index.html]
[demo.awaikenthemes.com/html-preview/medipro/images/about-footer-img.jpg]
[demo.awaikenthemes.com/html-preview/medipro/images/signature.png]
[demo.awaikenthemes.com/html-preview/medipro/images/page-about-us-img-1.jpg]
[demo.awaikenthemes.com/html-preview/medipro/images/page-about-us-img-2.jpg]
[demo.awaikenthemes.com/html-preview/medipro/images/improving-img.jpg]
[demo.awaikenthemes.com/html-preview/medipro/images/team-1.jpg]
[demo.awaikenthemes.com/html-preview/medipro/images/team-2.jpg]
[demo.awaikenthemes.com/html-preview/medipro/images/team-3.jpg]
[demo.awaikenthemes.com/html-preview/medipro/images/team-4.jpg]
[demo.awaikenthemes.com/html-preview/medipro/images/author-1.jpg]
[demo.awaikenthemes.com/html-preview/medipro/images/author-2.jpg]
[demo.awaikenthemes.com/html-preview/medipro/images/author-3.jpg]
[demo.awaikenthemes.com/html-preview/medipro/images/author-4.jpg]
[demo.awaikenthemes.com/html-preview/medipro/images/post-1.jpg]
[demo.awaikenthemes.com/html-preview/medipro/images/post-2.jpg]
[demo.awaikenthemes.com/html-preview/medipro/images/post-3.jpg]
[demo.awaikenthemes.com/html-preview/medipro/js/jquery-3.7.1.min.js]
[demo.awaikenthemes.com/html-preview/medipro/js/bootstrap.min.js]
[demo.awaikenthemes.com/html-preview/medipro/js/validator.min.js]
[demo.awaikenthemes.com/html-preview/medipro/js/jquery.slicknav.js]
[demo.awaikenthemes.com/html-preview/medipro/js/swiper-bundle.min.js]
[demo.awaikenthemes.com/html-preview/medipro/js/jquery.waypoints.min.js]
[demo.awaikenthemes.com/html-preview/medipro/js/jquery.counterup.min.js]
[demo.awaikenthemes.com/html-preview/medipro/js/jquery.magnific-popup.min.js]
[demo.awaikenthemes.com/html-preview/medipro/js/SmoothScroll.js]
[demo.awaikenthemes.com/html-preview/medipro/js/parallaxie.js]
[demo.awaikenthemes.com/html-preview/medipro/js/gsap.min.js]
[demo.awaikenthemes.com/html-preview/medipro/js/magiccursor.js]
[demo.awaikenthemes.com/html-preview/medipro/js/SplitText.js]
[demo.awaikenthemes.com/html-preview/medipro/js/ScrollTrigger.min.js]
[demo.awaikenthemes.com/html-preview/medipro/js/wow.js]
[demo.awaikenthemes.com/html-preview/medipro/js/function.js]
[demo.awaikenthemes.com/html-preview/medipro/about.html]
[fonts.googleapis.com/index.html]
[fonts.gstatic.com/index.html]
[fonts.googleapis.com/css26656.css]
[demo.awaikenthemes.com/html-preview/medipro/images/hero-img-1.jpg]
[demo.awaikenthemes.com/html-preview/medipro/images/hero-img-2.jpg]
[demo.awaikenthemes.com/html-preview/medipro/images/about-img-1.jpg]
[demo.awaikenthemes.com/html-preview/medipro/images/about-img-2.jpg]
[demo.awaikenthemes.com/html-preview/medipro/images/about-video-img.jpg]
[demo.awaikenthemes.com/html-preview/medipro/images/home-faq-img.jpg]
[demo.awaikenthemes.com/html-preview/medipro/images/contact-us-img.png]
[demo.awaikenthemes.com/html-preview/medipro/index.html]
[demo.awaikenthemes.com/html-preview/medipro/images/cultuer-1.jpg]
[demo.awaikenthemes.com/html-preview/medipro/images/cultuer-2.jpg]
[demo.awaikenthemes.com/html-preview/medipro/images/cultuer-3.jpg]
[demo.awaikenthemes.com/html-preview/medipro/images/cultuer-4.jpg]
[demo.awaikenthemes.com/html-preview/medipro/images/cultuer-5.jpg]
[demo.awaikenthemes.com/html-preview/medipro/images/cultuer-6.jpg]
[demo.awaikenthemes.com/html-preview/medipro/images/cultuer-7.jpg]
[demo.awaikenthemes.com/html-preview/medipro/images/cultuer-8.jpg]
[demo.awaikenthemes.com/html-preview/medipro/images/cultuer-9.jpg]
[demo.awaikenthemes.com/html-preview/medipro/images/cultuer-10.jpg]
[demo.awaikenthemes.com/html-preview/medipro/images/google-play-img.png]
[demo.awaikenthemes.com/html-preview/medipro/images/app-store-img.png]
[demo.awaikenthemes.com/html-preview/medipro/images/app-download.png]
[demo.awaikenthemes.com/html-preview/medipro/services.html]
[demo.awaikenthemes.com/html-preview/medipro/services-single.html]
[demo.awaikenthemes.com/html-preview/medipro/images/post-4.jpg]
[demo.awaikenthemes.com/html-preview/medipro/images/post-5.jpg]
[demo.awaikenthemes.com/html-preview/medipro/images/post-6.jpg]
[demo.awaikenthemes.com/html-preview/medipro/blog.html]
[demo.awaikenthemes.com/html-preview/medipro/blog-single.html]
[demo.awaikenthemes.com/html-preview/medipro/images/team-5.jpg]
[demo.awaikenthemes.com/html-preview/medipro/images/team-6.jpg]
[demo.awaikenthemes.com/html-preview/medipro/images/team-7.jpg]
[demo.awaikenthemes.com/html-preview/medipro/images/team-8.jpg]
[demo.awaikenthemes.com/html-preview/medipro/images/team-9.jpg]
[demo.awaikenthemes.com/html-preview/medipro/team.html]
[demo.awaikenthemes.com/html-preview/medipro/team-single.html]
[demo.awaikenthemes.com/html-preview/medipro/faqs.html]
[demo.awaikenthemes.com/html-preview/medipro/images/404-Error-img.png]
[demo.awaikenthemes.com/html-preview/medipro/404.html]
[demo.awaikenthemes.com/html-preview/medipro/contact.html]
[demo.awaikenthemes.com/html-preview/medipro/appointment.html]
[demo.awaikenthemes.com/html-preview/medipro/index-2.html]
[demo.awaikenthemes.com/html-preview/medipro/css/bootstrap.min.css]
[demo.awaikenthemes.com/html-preview/medipro/css/slicknav.min.css]
[demo.awaikenthemes.com/html-preview/medipro/css/swiper-bundle.min.css]
[demo.awaikenthemes.com/html-preview/medipro/webfonts/fa-brands-400.woff2]
[demo.awaikenthemes.com/html-preview/medipro/webfonts/fa-brands-400.ttf]
[demo.awaikenthemes.com/html-preview/medipro/webfonts/fa-regular-400.woff2]
[demo.awaikenthemes.com/html-preview/medipro/webfonts/fa-regular-400.ttf]
[demo.awaikenthemes.com/html-preview/medipro/webfonts/fa-solid-900.woff2]
[demo.awaikenthemes.com/html-preview/medipro/webfonts/fa-solid-900.ttf]
[demo.awaikenthemes.com/html-preview/medipro/webfonts/fa-v4compatibility.woff2]
[demo.awaikenthemes.com/html-preview/medipro/webfonts/fa-v4compatibility.ttf]
[demo.awaikenthemes.com/html-preview/medipro/css/all.css]
[demo.awaikenthemes.com/html-preview/medipro/css/animate.css]
[demo.awaikenthemes.com/html-preview/medipro/css/magnific-popup.css]
[demo.awaikenthemes.com/html-preview/medipro/images/half-circle-img.png]
[demo.awaikenthemes.com/html-preview/medipro/images/half-shape.png]
[demo.awaikenthemes.com/html-preview/medipro/images/white-dots-img.png]
[demo.awaikenthemes.com/html-preview/medipro/images/about-bg.png]
[demo.awaikenthemes.com/html-preview/medipro/images/half-circle-3.png]
[demo.awaikenthemes.com/html-preview/medipro/images/service-bg-img.png]
[demo.awaikenthemes.com/html-preview/medipro/images/home-contact-form-bg.jpg]
[demo.awaikenthemes.com/html-preview/medipro/images/half-circle-2.png]
[demo.awaikenthemes.com/html-preview/medipro/css/custom.css]
[demo.awaikenthemes.com/html-preview/medipro/images/loader.svg]
[demo.awaikenthemes.com/html-preview/medipro/images/logo.svg]
[demo.awaikenthemes.com/html-preview/medipro/images/icon-service-1.svg]
[demo.awaikenthemes.com/html-preview/medipro/images/icon-service-white-1.svg]
[demo.awaikenthemes.com/html-preview/medipro/images/icon-service-2.svg]
[demo.awaikenthemes.com/html-preview/medipro/images/icon-service-white-2.svg]
[demo.awaikenthemes.com/html-preview/medipro/images/icon-service-3.svg]
[demo.awaikenthemes.com/html-preview/medipro/images/icon-service-white-3.svg]
[demo.awaikenthemes.com/html-preview/medipro/images/icon-health-service.svg]
[demo.awaikenthemes.com/html-preview/medipro/images/icon-appointment.svg]
[demo.awaikenthemes.com/html-preview/medipro/images/footer-logo.svg]
[demo.awaikenthemes.com/html-preview/medipro/images/icon-home-contact-1.svg]
[demo.awaikenthemes.com/html-preview/medipro/images/icon-home-contact-2.svg]
[demo.awaikenthemes.com/html-preview/medipro/images/icon-medical-service-1.svg]
[demo.awaikenthemes.com/html-preview/medipro/images/icon-medical-service-2.svg]
[demo.awaikenthemes.com/html-preview/medipro/images/icon-medical-service-3.svg]
[demo.awaikenthemes.com/html-preview/medipro/images/icon-medical-service-4.svg]
[demo.awaikenthemes.com/html-preview/medipro/images/icon-medical-service-5.svg]
[demo.awaikenthemes.com/html-preview/medipro/images/icon-work-step-1.svg]
[demo.awaikenthemes.com/html-preview/medipro/images/icon-work-step-2.svg]
[demo.awaikenthemes.com/html-preview/medipro/images/icon-work-step-3.svg]
[demo.awaikenthemes.com/html-preview/medipro/images/icon-work-step-4.svg]
[demo.awaikenthemes.com/html-preview/medipro/images/icon-service-page-1.svg]
[demo.awaikenthemes.com/html-preview/medipro/images/icon-service-page-2.svg]
[demo.awaikenthemes.com/html-preview/medipro/images/icon-service-page-3.svg]
[demo.awaikenthemes.com/html-preview/medipro/images/icon-service-page-4.svg]
[demo.awaikenthemes.com/html-preview/medipro/images/icon-service-page-5.svg]
[demo.awaikenthemes.com/html-preview/medipro/images/icon-service-page-6.svg]
[demo.awaikenthemes.com/html-preview/medipro/images/icon-specialist-1.svg]
[demo.awaikenthemes.com/html-preview/medipro/images/icon-specialist-2.svg]
[demo.awaikenthemes.com/html-preview/medipro/images/icon-specialist-3.svg]
[demo.awaikenthemes.com/html-preview/medipro/images/icon-specialist-4.svg]
[demo.awaikenthemes.com/html-preview/medipro/images/icon-service-single-medical-1.svg]
[demo.awaikenthemes.com/html-preview/medipro/images/icon-service-single-medical-2.svg]
[demo.awaikenthemes.com/html-preview/medipro/images/icon-service-single-medical-3.svg]
[demo.awaikenthemes.com/html-preview/medipro/images/icon-service-single-medical-4.svg]
[demo.awaikenthemes.com/html-preview/medipro/images/icon-working-process-1.svg]
[demo.awaikenthemes.com/html-preview/medipro/images/icon-working-process-2.svg]
[demo.awaikenthemes.com/html-preview/medipro/images/icon-working-process-3.svg]
[demo.awaikenthemes.com/html-preview/medipro/images/icon-working-process-4.svg]
[demo.awaikenthemes.com/html-preview/medipro/images/icon-awards.svg]
[demo.awaikenthemes.com/html-preview/medipro/images/icon-clock.svg]
[demo.awaikenthemes.com/html-preview/medipro/images/icon-blockquote.svg]
